c:\users\admin\desktop\rr_hertz\pluginfiles\contactmodel\example\x64\debug\vc142.pdb
c:\users\admin\desktop\rr_hertz\pluginfiles\contactmodel\example\x64\debug\vc142.idb
c:\users\admin\desktop\rr_hertz\pluginfiles\contactmodel\example\x64\debug\rr_hertz.obj
c:\users\admin\desktop\rr_hertz\pluginfiles\contactmodel\example\x64\debug\contactmodelmechanical3d_rr_hertz_07_debug.dll
c:\users\admin\desktop\rr_hertz\pluginfiles\contactmodel\example\x64\debug\contactmodelmechanical3d_rr_hertz_07_debug.ilk
c:\users\admin\desktop\rr_hertz\pluginfiles\contactmodel\example\x64\debug\contactmodelmechanical3d_rr_hertz_07_debug.pdb
c:\users\admin\desktop\rr_hertz\pluginfiles\contactmodel\example\x64\debug\version.res
c:\users\admin\desktop\rr_hertz\pluginfiles\contactmodel\example\x64\debug\contactmodelmechanical3d_macroelement_07_debug.lib
c:\users\admin\desktop\rr_hertz\pluginfiles\contactmodel\example\x64\debug\contactmodelmechanical3d_macroelement_07_debug.exp
c:\users\admin\desktop\rr_hertz\pluginfiles\contactmodel\example\x64\debug\contactmodelmechanical3d_rr_hertz_07_debug.lib
c:\users\admin\desktop\rr_hertz\pluginfiles\contactmodel\example\x64\debug\contactmodelmechanical3d_rr_hertz_07_debug.exp
c:\users\admin\desktop\rr_hertz\pluginfiles\contactmodel\example\x64\debug\rr_hertz.tlog\cl.command.1.tlog
c:\users\admin\desktop\rr_hertz\pluginfiles\contactmodel\example\x64\debug\rr_hertz.tlog\cl.read.1.tlog
c:\users\admin\desktop\rr_hertz\pluginfiles\contactmodel\example\x64\debug\rr_hertz.tlog\cl.write.1.tlog
c:\users\admin\desktop\rr_hertz\pluginfiles\contactmodel\example\x64\debug\rr_hertz.tlog\link.command.1.tlog
c:\users\admin\desktop\rr_hertz\pluginfiles\contactmodel\example\x64\debug\rr_hertz.tlog\link.read.1.tlog
c:\users\admin\desktop\rr_hertz\pluginfiles\contactmodel\example\x64\debug\rr_hertz.tlog\link.write.1.tlog
c:\users\admin\desktop\rr_hertz\pluginfiles\contactmodel\example\x64\debug\rr_hertz.tlog\rc.command.1.tlog
c:\users\admin\desktop\rr_hertz\pluginfiles\contactmodel\example\x64\debug\rr_hertz.tlog\rc.read.1.tlog
c:\users\admin\desktop\rr_hertz\pluginfiles\contactmodel\example\x64\debug\rr_hertz.tlog\rc.write.1.tlog
c:\users\admin\desktop\rr_hertz\pluginfiles\contactmodel\example\x64\debug\rr_hertz.tlog\rr_hertz.write.1u.tlog
